<ERC721>
  <k>
    2 ~> .
  </k>
  <caller>
    1
  </caller>
  <accounts>
    <account>
      <accountID>
        1
      </accountID>
      <balance>
        1
      </balance>
      <operate>
        1 |-> true
      </operate>
    </account> <account>
      <accountID>
        2
      </accountID>
      <balance>
        0
      </balance>
      <operate>
        2 |-> true
      </operate>
    </account>
  </accounts>
  <nfts>
    <nft>
      <nftID>
        999
      </nftID>
      <nftOwner>
        1
      </nftOwner>
      <nftController>
        2
      </nftController>
    </nft>
  </nfts>
  <log>
    Event:  Approval ( 1 , 2 , 999 )
  </log>
</ERC721>
